<html>
<body>
<pre>
<h1>µVision Build Log</h1>
<h2>Tool Versions:</h2>
IDE-Version: µVision V5.21.1.0
Copyright (C) 2016 ARM Ltd and ARM Germany GmbH. All rights reserved.
License Information: rizqi subeno, -, LIC=----
 
Tool Versions:
Toolchain:       MDK-Lite  Version: 5.21a
Toolchain Path:  F:\Keil_v5\ARM\ARMCC\Bin
C Compiler:      Armcc.exe V5.06 update 3 (build 300)
Assembler:       Armasm.exe V5.06 update 3 (build 300)
Linker/Locator:  ArmLink.exe V5.06 update 3 (build 300)
Library Manager: ArmAr.exe V5.06 update 3 (build 300)
Hex Converter:   FromElf.exe V5.06 update 3 (build 300)
CPU DLL:         SARMCM3.DLL V5.21a
Dialog DLL:      DCM.DLL V1.13.8.0
Target DLL:      STLink\ST-LINKIII-KEIL_SWO.dll V2.0.18.0
Dialog DLL:      TCM.DLL V1.14.14.0
 
<h2>Project:</h2>
C:\Users\rizqiuhuy\Documents\STM32CubeMX\ADC_singleconv\MDK-ARM\ADC_singleconv.uvprojx
Project File Date:  07/16/2018

<h2>Output:</h2>
*** Using Compiler 'V5.06 update 3 (build 300)', folder: 'F:\Keil_v5\ARM\ARMCC\Bin'
Build target 'ADC_singleconv'
compiling main.c...
../Src/main.c(126): warning:  #188-D: enumerated type mixed with another type
  				HAL_GPIO_WritePin(
PIOD, 
PIO_PIN_15, 1);
../Src/main.c(130): warning:  #188-D: enumerated type mixed with another type
  				HAL_GPIO_WritePin(
PIOD, 
PIO_PIN_15, 0);
../Src/main.c: 2 warnings, 0 errors
linking...
Program Size: Code=4184 RO-data=440 RW-data=20 ZI-data=1100  
FromELF: creating hex file...
"ADC_singleconv\ADC_singleconv.axf" - 0 Error(s), 2 Warning(s).

<h2>Software Packages used:</h2>

Package Vendor: ARM
                http://www.keil.com/pack/ARM.CMSIS.4.5.0.pack
                ARM::CMSIS:CORE:4.3.0
                CMSIS (Cortex Microcontroller Software Interface Standard)
   * Component: CORE Version: 4.3.0

<h2>Collection of Component include folders:</h2>
  C:\Users\rizqiuhuy\Documents\STM32CubeMX\ADC_singleconv\MDK-ARM\RTE
  F:\Keil_v5\ARM\PACK\ARM\CMSIS\4.5.0\CMSIS\Include
  F:\Keil_v5\ARM\PACK\Keil\STM32F4xx_DFP\2.13.0\Drivers\CMSIS\Device\ST\STM32F4xx\Include

<h2>Collection of Component Files used:</h2>

   * Component: ARM::CMSIS:CORE:4.3.0
Build Time Elapsed:  00:00:10
</pre>
</body>
</html>
